commit d0bcbef2cb976949fca5577f5e4fb2b66a15eee1
Merge: e8eb220 3f53039
Author: Yuzuki Watanabe <184593573+Yuzutty5@users.noreply.github.com>
Date:   Mon May 18 14:23:11 2026 +0900

    Merge branch 'main' of https://github.com/Yuzutty5/20260518-git-workshop

commit e8eb220df2758497a1d356a659f0db0ae5ff66cb
Author: Yuzuki Watanabe <184593573+Yuzutty5@users.noreply.github.com>
Date:   Mon May 18 14:18:27 2026 +0900

    ミノの色を変更
    
    blueからskyblue

commit 3f53039c2f0b8c2fa9961f01a9e6395100c832aa
Author: Yuzutty5 <184593573+Yuzutty5@users.noreply.github.com>
Date:   Mon May 18 14:17:53 2026 +0900

    ミノの色を変更
    
    cyan を skyblue に変更

commit ae5209c749217fe60dcd35d86a7a1bf4d1317db5
Author: Yuzuki Watanabe <184593573+Yuzutty5@users.noreply.github.com>
Date:   Mon May 18 14:10:40 2026 +0900

    ミノの落ちるスピードを変更して、ミノの色を変更

commit e10687fe1014eac3913fe2797c7b3c1e5adfe3e4
Author: Yuzuki Watanabe <184593573+Yuzutty5@users.noreply.github.com>
Date:   Mon May 18 14:00:50 2026 +0900

    ミノの色を再変更

commit 0782616709197739fe45b595655e9686ff6c6505
Author: Yuzuki Watanabe <184593573+Yuzutty5@users.noreply.github.com>
Date:   Mon May 18 13:58:46 2026 +0900

    Revert "ミノの色を変更"
    
    This reverts commit 6b2730b083314328cdaab570cd4e1e8f845fc8b9.

commit 6b2730b083314328cdaab570cd4e1e8f845fc8b9
Author: Yuzuki Watanabe <184593573+Yuzutty5@users.noreply.github.com>
Date:   Mon May 18 13:54:53 2026 +0900

    ミノの色を変更

commit 48866e15d355b148a058f1aed8785e4fb8535517
Author: Yuzuki Watanabe <184593573+Yuzutty5@users.noreply.github.com>
Date:   Mon May 18 13:32:56 2026 +0900

    canvas-tetrisのソースコードをインポート
